Found Detectron ops lib: /usr/local/lib/libcaffe2_detectron_ops_gpu.so
INFO test_net.py:  97: Called with args:
INFO test_net.py:  98: Namespace(cfg_file='/home/amax/workspace/Detectron/configs/exps/security7_e2e_faster_rcnn_R-101-FPN_1x.yaml', multi_gpu_testing=False, opts=['TEST.WEIGHTS', './detectron-output/security7_e2e_faster_rcnn_R-101-FPN_1x.yaml/train/security_train_alg_synthesis:security_train_auto_synthesis:security_train_dongle_synthesis:security_train_pro_synthesis:security_train_real_package:security_train_real_polyhedron:security_train_single_contraband/generalized_rcnn/model_final.pkl', 'OUTPUT_DIR', '/home/amax/workspace/Detectron/detectron-output/security7_e2e_faster_rcnn_R-101-FPN_1x.yaml/test'], range=None, vis=False, wait=True)
INFO test_net.py: 104: Testing with config:
INFO test_net.py: 105: {'BBOX_XFORM_CLIP': 4.1351665567423561,
 'CLUSTER': {'ON_CLUSTER': False},
 'DATA_LOADER': {'BLOBS_QUEUE_CAPACITY': 8,
                 'MINIBATCH_QUEUE_SIZE': 64,
                 'NUM_THREADS': 4},
 'DEDUP_BOXES': 0.0625,
 'DOWNLOAD_CACHE': '/tmp/detectron-download-cache',
 'EPS': 1e-14,
 'EXPECTED_RESULTS': [],
 'EXPECTED_RESULTS_ATOL': 0.005,
 'EXPECTED_RESULTS_EMAIL': '',
 'EXPECTED_RESULTS_RTOL': 0.1,
 'FAST_RCNN': {'CONV_HEAD_DIM': 256,
               'MLP_HEAD_DIM': 1024,
               'NUM_STACKED_CONVS': 4,
               'ROI_BOX_HEAD': 'fast_rcnn_heads.add_roi_2mlp_head',
               'ROI_XFORM_METHOD': 'RoIAlign',
               'ROI_XFORM_RESOLUTION': 7,
               'ROI_XFORM_SAMPLING_RATIO': 2},
 'FPN': {'COARSEST_STRIDE': 32,
         'DIM': 256,
         'EXTRA_CONV_LEVELS': False,
         'FPN_ON': True,
         'MULTILEVEL_ROIS': True,
         'MULTILEVEL_RPN': True,
         'ROI_CANONICAL_LEVEL': 4,
         'ROI_CANONICAL_SCALE': 224,
         'ROI_MAX_LEVEL': 5,
         'ROI_MIN_LEVEL': 2,
         'RPN_ANCHOR_START_SIZE': 32,
         'RPN_ASPECT_RATIOS': (0.5, 1, 2),
         'RPN_MAX_LEVEL': 6,
         'RPN_MIN_LEVEL': 2,
         'USE_GN': False,
         'ZERO_INIT_LATERAL': False},
 'GROUP_NORM': {'DIM_PER_GP': -1, 'EPSILON': 1e-05, 'NUM_GROUPS': 32},
 'KRCNN': {'CONV_HEAD_DIM': 256,
           'CONV_HEAD_KERNEL': 3,
           'CONV_INIT': 'GaussianFill',
           'DECONV_DIM': 256,
           'DECONV_KERNEL': 4,
           'DILATION': 1,
           'HEATMAP_SIZE': -1,
           'INFERENCE_MIN_SIZE': 0,
           'KEYPOINT_CONFIDENCE': 'bbox',
           'LOSS_WEIGHT': 1.0,
           'MIN_KEYPOINT_COUNT_FOR_VALID_MINIBATCH': 20,
           'NMS_OKS': False,
           'NORMALIZE_BY_VISIBLE_KEYPOINTS': True,
           'NUM_KEYPOINTS': -1,
           'NUM_STACKED_CONVS': 8,
           'ROI_KEYPOINTS_HEAD': '',
           'ROI_XFORM_METHOD': 'RoIAlign',
           'ROI_XFORM_RESOLUTION': 7,
           'ROI_XFORM_SAMPLING_RATIO': 0,
           'UP_SCALE': -1,
           'USE_DECONV': False,
           'USE_DECONV_OUTPUT': False},
 'MATLAB': 'matlab',
 'MEMONGER': True,
 'MEMONGER_SHARE_ACTIVATIONS': False,
 'MODEL': {'BBOX_REG_WEIGHTS': (10.0, 10.0, 5.0, 5.0),
           'CLS_AGNOSTIC_BBOX_REG': False,
           'CONV_BODY': 'FPN.add_fpn_ResNet101_conv5_body',
           'EXECUTION_TYPE': 'dag',
           'FASTER_RCNN': True,
           'KEYPOINTS_ON': False,
           'MASK_ON': False,
           'NUM_CLASSES': 4,
           'RPN_ONLY': False,
           'TYPE': 'generalized_rcnn'},
 'MRCNN': {'CLS_SPECIFIC_MASK': True,
           'CONV_INIT': 'GaussianFill',
           'DILATION': 2,
           'DIM_REDUCED': 256,
           'RESOLUTION': 14,
           'ROI_MASK_HEAD': '',
           'ROI_XFORM_METHOD': 'RoIAlign',
           'ROI_XFORM_RESOLUTION': 7,
           'ROI_XFORM_SAMPLING_RATIO': 0,
           'THRESH_BINARIZE': 0.5,
           'UPSAMPLE_RATIO': 1,
           'USE_FC_OUTPUT': False,
           'WEIGHT_LOSS_MASK': 1.0},
 'NUM_GPUS': 8,
 'OUTPUT_DIR': '/home/amax/workspace/Detectron/detectron-output/security7_e2e_faster_rcnn_R-101-FPN_1x.yaml/test',
 'PIXEL_MEANS': array([[[ 102.9801,  115.9465,  122.7717]]]),
 'RESNETS': {'NUM_GROUPS': 1,
             'RES5_DILATION': 1,
             'SHORTCUT_FUNC': 'basic_bn_shortcut',
             'STEM_FUNC': 'basic_bn_stem',
             'STRIDE_1X1': True,
             'TRANS_FUNC': 'bottleneck_transformation',
             'WIDTH_PER_GROUP': 64},
 'RETINANET': {'ANCHOR_SCALE': 4,
               'ASPECT_RATIOS': (0.5, 1.0, 2.0),
               'BBOX_REG_BETA': 0.11,
               'BBOX_REG_WEIGHT': 1.0,
               'CLASS_SPECIFIC_BBOX': False,
               'INFERENCE_TH': 0.05,
               'LOSS_ALPHA': 0.25,
               'LOSS_GAMMA': 2.0,
               'NEGATIVE_OVERLAP': 0.4,
               'NUM_CONVS': 4,
               'POSITIVE_OVERLAP': 0.5,
               'PRE_NMS_TOP_N': 1000,
               'PRIOR_PROB': 0.01,
               'RETINANET_ON': False,
               'SCALES_PER_OCTAVE': 3,
               'SHARE_CLS_BBOX_TOWER': False,
               'SOFTMAX': False},
 'RFCN': {'PS_GRID_SIZE': 3},
 'RNG_SEED': 3,
 'ROOT_DIR': '/home/amax/workspace/Detectron',
 'RPN': {'ASPECT_RATIOS': (0.5, 1, 2),
         'RPN_ON': True,
         'SIZES': (64, 128, 256, 512),
         'STRIDE': 16},
 'SOLVER': {'BASE_LR': 0.02,
            'GAMMA': 0.1,
            'LOG_LR_CHANGE_THRESHOLD': 1.1,
            'LRS': [],
            'LR_POLICY': 'steps_with_decay',
            'MAX_ITER': 90000,
            'MOMENTUM': 0.9,
            'SCALE_MOMENTUM': True,
            'SCALE_MOMENTUM_THRESHOLD': 1.1,
            'STEPS': [0, 60000, 80000],
            'STEP_SIZE': 30000,
            'WARM_UP_FACTOR': 0.3333333333333333,
            'WARM_UP_ITERS': 500,
            'WARM_UP_METHOD': u'linear',
            'WEIGHT_DECAY': 0.0001,
            'WEIGHT_DECAY_GN': 0.0},
 'TEST': {'BBOX_AUG': {'AREA_TH_HI': 32400,
                       'AREA_TH_LO': 2500,
                       'ASPECT_RATIOS': (),
                       'ASPECT_RATIO_H_FLIP': False,
                       'COORD_HEUR': 'UNION',
                       'ENABLED': False,
                       'H_FLIP': False,
                       'MAX_SIZE': 4000,
                       'SCALES': (),
                       'SCALE_H_FLIP': False,
                       'SCALE_SIZE_DEP': False,
                       'SCORE_HEUR': 'UNION'},
          'BBOX_REG': True,
          'BBOX_VOTE': {'ENABLED': False,
                        'SCORING_METHOD': 'ID',
                        'SCORING_METHOD_BETA': 1.0,
                        'VOTE_TH': 0.8},
          'COMPETITION_MODE': True,
          'DATASETS': ('security_val_hlx',
                       'security_val_mzl',
                       'security_val_dongle_synthesis',
                       'security_test_zhongyunzhihui',
                       'security_test_mzl_kongbao',
                       'security_test_travel_packages'),
          'DETECTIONS_PER_IM': 100,
          'FORCE_JSON_DATASET_EVAL': False,
          'KPS_AUG': {'AREA_TH': 32400,
                      'ASPECT_RATIOS': (),
                      'ASPECT_RATIO_H_FLIP': False,
                      'ENABLED': False,
                      'HEUR': 'HM_AVG',
                      'H_FLIP': False,
                      'MAX_SIZE': 4000,
                      'SCALES': (),
                      'SCALE_H_FLIP': False,
                      'SCALE_SIZE_DEP': False},
          'MASK_AUG': {'AREA_TH': 32400,
                       'ASPECT_RATIOS': (),
                       'ASPECT_RATIO_H_FLIP': False,
                       'ENABLED': False,
                       'HEUR': 'SOFT_AVG',
                       'H_FLIP': False,
                       'MAX_SIZE': 4000,
                       'SCALES': (),
                       'SCALE_H_FLIP': False,
                       'SCALE_SIZE_DEP': False},
          'MAX_SIZE': 1333,
          'NMS': 0.5,
          'PRECOMPUTED_PROPOSALS': False,
          'PROPOSAL_FILES': (),
          'PROPOSAL_LIMIT': 2000,
          'RPN_MIN_SIZE': 0,
          'RPN_NMS_THRESH': 0.7,
          'RPN_POST_NMS_TOP_N': 1000,
          'RPN_PRE_NMS_TOP_N': 1000,
          'SCALE': 800,
          'SCORE_THRESH': 0.05,
          'SOFT_NMS': {'ENABLED': False, 'METHOD': 'linear', 'SIGMA': 0.5},
          'WEIGHTS': './detectron-output/security7_e2e_faster_rcnn_R-101-FPN_1x.yaml/train/security_train_alg_synthesis:security_train_auto_synthesis:security_train_dongle_synthesis:security_train_pro_synthesis:security_train_real_package:security_train_real_polyhedron:security_train_single_contraband/generalized_rcnn/model_final.pkl'},
 'TRAIN': {'ASPECT_GROUPING': True,
           'AUTO_RESUME': True,
           'BATCH_SIZE_PER_IM': 512,
           'BBOX_THRESH': 0.5,
           'BG_THRESH_HI': 0.5,
           'BG_THRESH_LO': 0.0,
           'CROWD_FILTER_THRESH': 0.7,
           'DATASETS': ('security_train_alg_synthesis',
                        'security_train_auto_synthesis',
                        'security_train_dongle_synthesis',
                        'security_train_pro_synthesis',
                        'security_train_real_package',
                        'security_train_real_polyhedron',
                        'security_train_single_contraband'),
           'FG_FRACTION': 0.25,
           'FG_THRESH': 0.5,
           'FREEZE_CONV_BODY': False,
           'GT_MIN_AREA': -1,
           'IMS_PER_BATCH': 2,
           'MAX_SIZE': 1333,
           'PROPOSAL_FILES': (),
           'RPN_BATCH_SIZE_PER_IM': 256,
           'RPN_FG_FRACTION': 0.5,
           'RPN_MIN_SIZE': 0,
           'RPN_NEGATIVE_OVERLAP': 0.3,
           'RPN_NMS_THRESH': 0.7,
           'RPN_POSITIVE_OVERLAP': 0.7,
           'RPN_POST_NMS_TOP_N': 2000,
           'RPN_PRE_NMS_TOP_N': 2000,
           'RPN_STRADDLE_THRESH': 0,
           'SCALES': (800,),
           'SNAPSHOT_ITERS': 20000,
           'USE_FLIPPED': True,
           'WEIGHTS': '/home/amax/workspace/detectron-models/ImageNetPretrained/MSRA/R-101.pkl'},
 'USE_NCCL': False,
 'VIS': False,
 'VIS_TH': 0.9}
loading annotations into memory...
Done (t=0.00s)
creating index...
index created!
loading annotations into memory...
Done (t=0.00s)
creating index...
index created!
WARNING cnn.py:  25: [====DEPRECATE WARNING====]: you are creating an object from CNNModelHelper class which will be deprecated soon. Please use ModelHelper object with brew module. For more information, please refer to caffe2.ai and python/brew.py, python/brew_test.py for more information.
INFO net.py:  57: Loading weights from: ./detectron-output/security7_e2e_faster_rcnn_R-101-FPN_1x.yaml/train/security_train_alg_synthesis:security_train_auto_synthesis:security_train_dongle_synthesis:security_train_pro_synthesis:security_train_real_package:security_train_real_polyhedron:security_train_single_contraband/generalized_rcnn/model_final.pkl
I0520 02:42:58.474438 15715 net_dag_utils.cc:102] Operator graph pruning prior to chain compute took: 0.000255637 secs
I0520 02:42:58.474839 15715 net_dag.cc:46] Number of parallel execution chains 63 Number of operators = 402
I0520 02:42:58.522311 15715 net_dag_utils.cc:102] Operator graph pruning prior to chain compute took: 0.000215946 secs
I0520 02:42:58.522606 15715 net_dag.cc:46] Number of parallel execution chains 30 Number of operators = 358
INFO test_engine.py: 287: im_detect: range [1, 107] of 107: 1/107 1.823s + 0.001s (eta: 0:03:13)
INFO test_engine.py: 287: im_detect: range [1, 107] of 107: 11/107 0.351s + 0.001s (eta: 0:00:33)
INFO test_engine.py: 287: im_detect: range [1, 107] of 107: 21/107 0.277s + 0.001s (eta: 0:00:23)
INFO test_engine.py: 287: im_detect: range [1, 107] of 107: 31/107 0.230s + 0.001s (eta: 0:00:17)
INFO test_engine.py: 287: im_detect: range [1, 107] of 107: 41/107 0.203s + 0.001s (eta: 0:00:13)
INFO test_engine.py: 287: im_detect: range [1, 107] of 107: 51/107 0.189s + 0.001s (eta: 0:00:10)
INFO test_engine.py: 287: im_detect: range [1, 107] of 107: 61/107 0.177s + 0.001s (eta: 0:00:08)
INFO test_engine.py: 287: im_detect: range [1, 107] of 107: 71/107 0.169s + 0.001s (eta: 0:00:06)
INFO test_engine.py: 287: im_detect: range [1, 107] of 107: 81/107 0.163s + 0.001s (eta: 0:00:04)
INFO test_engine.py: 287: im_detect: range [1, 107] of 107: 91/107 0.158s + 0.001s (eta: 0:00:02)
INFO test_engine.py: 287: im_detect: range [1, 107] of 107: 101/107 0.155s + 0.001s (eta: 0:00:00)
INFO test_engine.py: 320: Wrote detections to: /home/amax/workspace/Detectron/detectron-output/security7_e2e_faster_rcnn_R-101-FPN_1x.yaml/test/test/security_val_hlx/generalized_rcnn/detections.pkl
INFO test_engine.py: 162: Total inference time: 23.331s
INFO task_evaluation.py:  75: Evaluating detections
Traceback (most recent call last):
  File "/home/amax/workspace/Detectron/tools/test_net.py", line 115, in <module>
    check_expected_results=True,
  File "/home/amax/workspace/Detectron/lib/core/test_engine.py", line 128, in run_inference
    all_results = result_getter()
  File "/home/amax/workspace/Detectron/lib/core/test_engine.py", line 108, in result_getter
    multi_gpu=multi_gpu_testing
  File "/home/amax/workspace/Detectron/lib/core/test_engine.py", line 164, in test_net_on_dataset
    dataset, all_boxes, all_segms, all_keyps, output_dir
  File "/home/amax/workspace/Detectron/lib/datasets/task_evaluation.py", line 59, in evaluate_all
    dataset, all_boxes, output_dir, use_matlab=use_matlab
  File "/home/amax/workspace/Detectron/lib/datasets/task_evaluation.py", line 97, in evaluate_boxes
    'No evaluator for dataset: {}'.format(dataset.name)
NotImplementedError: No evaluator for dataset: security_val_hlx
